2026-09-22 16:48:45,918 INFO o.a.j.u.JMeterUtils: Setting Locale to en_EN
2026-09-22 16:48:46,029 INFO o.a.j.JMeter: Loading user properties from: D:\Program Files\apache-jmeter-5.6.3\bin\user.properties
2026-09-22 16:48:46,062 INFO o.a.j.JMeter: Loading system properties from: D:\Program Files\apache-jmeter-5.6.3\bin\system.properties
2026-09-22 16:48:46,082 INFO o.a.j.JMeter: Copyright (c) 1998-2024 The Apache Software Foundation
2026-09-22 16:48:46,082 INFO o.a.j.JMeter: Version 5.6.3
2026-09-22 16:48:46,083 INFO o.a.j.JMeter: java.version=17.0.17
2026-09-22 16:48:46,083 INFO o.a.j.JMeter: java.vm.name=OpenJDK 64-Bit Server VM
2026-09-22 16:48:46,083 INFO o.a.j.JMeter: os.name=Windows 11
2026-09-22 16:48:46,083 INFO o.a.j.JMeter: os.arch=amd64
2026-09-22 16:48:46,083 INFO o.a.j.JMeter: os.version=10.0
2026-09-22 16:48:46,084 INFO o.a.j.JMeter: file.encoding=Cp1252
2026-09-22 16:48:46,084 INFO o.a.j.JMeter: java.awt.headless=true
2026-09-22 16:48:46,084 INFO o.a.j.JMeter: Max memory     =1073741824
2026-09-22 16:48:46,084 INFO o.a.j.JMeter: Available Processors =8
2026-09-22 16:48:46,130 INFO o.a.j.JMeter: Default Locale=English (EN)
2026-09-22 16:48:46,131 INFO o.a.j.JMeter: JMeter  Locale=English (EN)
2026-09-22 16:48:46,131 INFO o.a.j.JMeter: JMeterHome=D:\Program Files\apache-jmeter-5.6.3
2026-09-22 16:48:46,132 INFO o.a.j.JMeter: user.dir  =D:\Workspace\vue\qa-track-test-management\automation\jmeter
2026-09-22 16:48:46,132 INFO o.a.j.JMeter: PWD       =D:\Workspace\vue\qa-track-test-management\automation\jmeter
2026-09-22 16:48:46,143 INFO o.a.j.JMeter: IP: 192.168.1.23 Name: Armstrong FullName: Armstrong
2026-09-22 16:48:46,189 INFO o.a.j.s.FileServer: Default base='D:\Workspace\vue\qa-track-test-management\automation\jmeter'
2026-09-22 16:48:46,196 INFO o.a.j.s.FileServer: Set new base='D:\Workspace\vue\qa-track-test-management\automation\jmeter\scripts'
2026-09-22 16:48:46,764 INFO o.a.j.s.SaveService: Testplan (JMX) version: 2.2. Testlog (JTL) version: 2.2
2026-09-22 16:48:46,842 INFO o.a.j.s.SaveService: Using SaveService properties version 5.0
2026-09-22 16:48:46,847 INFO o.a.j.s.SaveService: Using SaveService properties file encoding UTF-8
2026-09-22 16:48:46,854 INFO o.a.j.s.SaveService: Loading file: scripts\login-web-sauce.jmx
2026-09-22 16:48:47,082 INFO o.a.j.JMeter: Creating summariser <summary>
2026-09-22 16:48:47,104 INFO o.a.j.e.StandardJMeterEngine: Running the test!
2026-09-22 16:48:47,105 INFO o.a.j.s.SampleEvent: List of sample_variables: []
2026-09-22 16:48:47,105 INFO o.a.j.s.SampleEvent: List of sample_variables: []
2026-09-22 16:48:47,111 INFO o.a.j.e.u.CompoundVariable: Note: Function class names must contain the string: '.functions.'
2026-09-22 16:48:47,112 INFO o.a.j.e.u.CompoundVariable: Note: Function class names must not contain the string: '.gui.'
2026-09-22 16:48:47,274 INFO o.a.j.JMeter: Running test (1790070527274)
2026-09-22 16:48:47,306 INFO o.a.j.e.StandardJMeterEngine: Starting ThreadGroup: 1 : Thread Group - 10 Users
2026-09-22 16:48:47,307 INFO o.a.j.e.StandardJMeterEngine: Starting 10 threads for group Thread Group - 10 Users.
2026-09-22 16:48:47,307 INFO o.a.j.e.StandardJMeterEngine: Thread will continue on error
2026-09-22 16:48:47,307 INFO o.a.j.t.ThreadGroup: Starting thread group... number=1 threads=10 ramp-up=5 delayedStart=false
2026-09-22 16:48:47,320 INFO o.a.j.t.JMeterThread: Thread started: Thread Group - 10 Users 1-1
2026-09-22 16:48:47,323 INFO o.a.j.t.ThreadGroup: Started thread group number 1
2026-09-22 16:48:47,323 INFO o.a.j.t.JMeterThread: Thread is done: Thread Group - 10 Users 1-1
2026-09-22 16:48:47,324 INFO o.a.j.e.StandardJMeterEngine: All thread groups have been started
2026-09-22 16:48:47,324 INFO o.a.j.t.JMeterThread: Thread finished: Thread Group - 10 Users 1-1
2026-09-22 16:48:47,810 INFO o.a.j.t.JMeterThread: Thread started: Thread Group - 10 Users 1-2
2026-09-22 16:48:47,811 INFO o.a.j.t.JMeterThread: Thread is done: Thread Group - 10 Users 1-2
2026-09-22 16:48:47,811 INFO o.a.j.t.JMeterThread: Thread finished: Thread Group - 10 Users 1-2
2026-09-22 16:48:48,309 INFO o.a.j.t.JMeterThread: Thread started: Thread Group - 10 Users 1-3
2026-09-22 16:48:48,309 INFO o.a.j.t.JMeterThread: Thread is done: Thread Group - 10 Users 1-3
2026-09-22 16:48:48,311 INFO o.a.j.t.JMeterThread: Thread finished: Thread Group - 10 Users 1-3
2026-09-22 16:48:48,808 INFO o.a.j.t.JMeterThread: Thread started: Thread Group - 10 Users 1-4
2026-09-22 16:48:48,808 INFO o.a.j.t.JMeterThread: Thread is done: Thread Group - 10 Users 1-4
2026-09-22 16:48:48,808 INFO o.a.j.t.JMeterThread: Thread finished: Thread Group - 10 Users 1-4
2026-09-22 16:48:49,320 INFO o.a.j.t.JMeterThread: Thread started: Thread Group - 10 Users 1-5
2026-09-22 16:48:49,322 INFO o.a.j.t.JMeterThread: Thread is done: Thread Group - 10 Users 1-5
2026-09-22 16:48:49,322 INFO o.a.j.t.JMeterThread: Thread finished: Thread Group - 10 Users 1-5
2026-09-22 16:48:49,817 INFO o.a.j.t.JMeterThread: Thread started: Thread Group - 10 Users 1-6
2026-09-22 16:48:49,818 INFO o.a.j.t.JMeterThread: Thread is done: Thread Group - 10 Users 1-6
2026-09-22 16:48:49,818 INFO o.a.j.t.JMeterThread: Thread finished: Thread Group - 10 Users 1-6
2026-09-22 16:48:50,315 INFO o.a.j.t.JMeterThread: Thread started: Thread Group - 10 Users 1-7
2026-09-22 16:48:50,316 INFO o.a.j.t.JMeterThread: Thread is done: Thread Group - 10 Users 1-7
2026-09-22 16:48:50,316 INFO o.a.j.t.JMeterThread: Thread finished: Thread Group - 10 Users 1-7
2026-09-22 16:48:50,814 INFO o.a.j.t.JMeterThread: Thread started: Thread Group - 10 Users 1-8
2026-09-22 16:48:50,815 INFO o.a.j.t.JMeterThread: Thread is done: Thread Group - 10 Users 1-8
2026-09-22 16:48:50,815 INFO o.a.j.t.JMeterThread: Thread finished: Thread Group - 10 Users 1-8
2026-09-22 16:48:51,309 INFO o.a.j.t.JMeterThread: Thread started: Thread Group - 10 Users 1-9
2026-09-22 16:48:51,310 INFO o.a.j.t.JMeterThread: Thread is done: Thread Group - 10 Users 1-9
2026-09-22 16:48:51,310 INFO o.a.j.t.JMeterThread: Thread finished: Thread Group - 10 Users 1-9
2026-09-22 16:48:51,809 INFO o.a.j.t.JMeterThread: Thread started: Thread Group - 10 Users 1-10
2026-09-22 16:48:51,809 INFO o.a.j.t.JMeterThread: Thread is done: Thread Group - 10 Users 1-10
2026-09-22 16:48:51,809 INFO o.a.j.t.JMeterThread: Thread finished: Thread Group - 10 Users 1-10
2026-09-22 16:48:51,810 INFO o.a.j.e.StandardJMeterEngine: Notifying test listeners of end of test
2026-09-22 16:48:51,813 INFO o.a.j.r.Summariser: summary =      0 in 00:00:00 = ******/s Avg:     0 Min: 9223372036854775807 Max: -9223372036854775808 Err:     0 (0.00%)
